###############################################################################
#
# IAR ELF Linker V7.80.3.12102/W32 for ARM                10/Apr/2018  15:12:12
# Copyright 2007-2016 IAR Systems AB.
#
#    Output file  =  
#        C:\Users\therese\Documents\GitHub\PicoNodes\pcb\test_led_light\EWARM\test_led_light\Exe\test_led_light.out
#    Map file     =  
#        C:\Users\therese\Documents\GitHub\PicoNodes\pcb\test_led_light\EWARM\test_led_light\List\test_led_light.map
#    Command line =  
#        C:\Users\therese\Documents\GitHub\PicoNodes\pcb\test_led_light\EWARM\test_led_light\Obj\gpio.o
#        C:\Users\therese\Documents\GitHub\PicoNodes\pcb\test_led_light\EWARM\test_led_light\Obj\main.o
#        C:\Users\therese\Documents\GitHub\PicoNodes\pcb\test_led_light\EWARM\test_led_light\Obj\startup_stm32f030x6.o
#        C:\Users\therese\Documents\GitHub\PicoNodes\pcb\test_led_light\EWARM\test_led_light\Obj\stm32f0xx_hal.o
#        C:\Users\therese\Documents\GitHub\PicoNodes\pcb\test_led_light\EWARM\test_led_light\Obj\stm32f0xx_hal_cortex.o
#        C:\Users\therese\Documents\GitHub\PicoNodes\pcb\test_led_light\EWARM\test_led_light\Obj\stm32f0xx_hal_dma.o
#        C:\Users\therese\Documents\GitHub\PicoNodes\pcb\test_led_light\EWARM\test_led_light\Obj\stm32f0xx_hal_flash.o
#        C:\Users\therese\Documents\GitHub\PicoNodes\pcb\test_led_light\EWARM\test_led_light\Obj\stm32f0xx_hal_flash_ex.o
#        C:\Users\therese\Documents\GitHub\PicoNodes\pcb\test_led_light\EWARM\test_led_light\Obj\stm32f0xx_hal_gpio.o
#        C:\Users\therese\Documents\GitHub\PicoNodes\pcb\test_led_light\EWARM\test_led_light\Obj\stm32f0xx_hal_i2c.o
#        C:\Users\therese\Documents\GitHub\PicoNodes\pcb\test_led_light\EWARM\test_led_light\Obj\stm32f0xx_hal_i2c_ex.o
#        C:\Users\therese\Documents\GitHub\PicoNodes\pcb\test_led_light\EWARM\test_led_light\Obj\stm32f0xx_hal_msp.o
#        C:\Users\therese\Documents\GitHub\PicoNodes\pcb\test_led_light\EWARM\test_led_light\Obj\stm32f0xx_hal_pwr.o
#        C:\Users\therese\Documents\GitHub\PicoNodes\pcb\test_led_light\EWARM\test_led_light\Obj\stm32f0xx_hal_pwr_ex.o
#        C:\Users\therese\Documents\GitHub\PicoNodes\pcb\test_led_light\EWARM\test_led_light\Obj\stm32f0xx_hal_rcc.o
#        C:\Users\therese\Documents\GitHub\PicoNodes\pcb\test_led_light\EWARM\test_led_light\Obj\stm32f0xx_hal_rcc_ex.o
#        C:\Users\therese\Documents\GitHub\PicoNodes\pcb\test_led_light\EWARM\test_led_light\Obj\stm32f0xx_hal_tim.o
#        C:\Users\therese\Documents\GitHub\PicoNodes\pcb\test_led_light\EWARM\test_led_light\Obj\stm32f0xx_hal_tim_ex.o
#        C:\Users\therese\Documents\GitHub\PicoNodes\pcb\test_led_light\EWARM\test_led_light\Obj\stm32f0xx_it.o
#        C:\Users\therese\Documents\GitHub\PicoNodes\pcb\test_led_light\EWARM\test_led_light\Obj\system_stm32f0xx.o
#        --redirect _Printf=_PrintfFull --redirect _Scanf=_ScanfFull -o
#        C:\Users\therese\Documents\GitHub\PicoNodes\pcb\test_led_light\EWARM\test_led_light\Exe\test_led_light.out
#        --map
#        C:\Users\therese\Documents\GitHub\PicoNodes\pcb\test_led_light\EWARM\test_led_light\List\test_led_light.map
#        --config
#        C:\Users\therese\Documents\GitHub\PicoNodes\pcb\test_led_light\EWARM/stm32f030x6_flash.icf
#        --semihosting --entry __iar_program_start --vfe
#
###############################################################################

*******************************************************************************
*** RUNTIME MODEL ATTRIBUTES
***

CppFlavor       = *
__SystemLibrary = DLib


*******************************************************************************
*** PLACEMENT SUMMARY
***

"A0":  place at 0x08000000 { ro section .intvec };
"P1":  place in [from 0x08000000 to 0x08007fff] { ro };
"P2":  place in [from 0x20000000 to 0x20000fff] { rw, block CSTACK, block HEAP };
initialize by copy { rw };

  Section            Kind        Address   Size  Object
  -------            ----        -------   ----  ------
"A0":                                      0xb0
  .intvec            ro code  0x08000000   0xb0  startup_stm32f030x6.o [1]
                            - 0x080000b0   0xb0

"P1":                                     0xb3c
  .text              ro code  0x080000b0  0x530  stm32f0xx_hal_rcc.o [1]
  .text              ro code  0x080005e0    0xc  stm32f0xx_hal.o [1]
  .text              ro code  0x080005ec   0x24  stm32f0xx_hal.o [1]
  .text              ro code  0x08000610   0x34  ABImemcpy.o [4]
  .text              ro code  0x08000644   0xae  I32DivModFast.o [4]
  .text              ro code  0x080006f2    0x2  startup_stm32f030x6.o [1]
  .text              ro code  0x080006f4   0x96  stm32f0xx_hal_cortex.o [1]
  .text              ro code  0x0800078a    0x2  startup_stm32f030x6.o [1]
  .text              ro code  0x0800078c    0x2  IntDivZer.o [4]
  .text              ro code  0x0800078e    0x2  startup_stm32f030x6.o [1]
  .text              ro code  0x08000790  0x1b4  stm32f0xx_hal_gpio.o [1]
  .text              ro code  0x08000944   0x7a  main.o [1]
  .text              ro code  0x080009be    0x2  startup_stm32f030x6.o [1]
  .text              ro code  0x080009c0   0x20  stm32f0xx_hal.o [1]
  .text              ro code  0x080009e0   0x44  gpio.o [1]
  .text              ro code  0x08000a24   0x40  stm32f0xx_hal_msp.o [1]
  .text              ro code  0x08000a64   0x70  system_stm32f0xx.o [1]
  .text              ro code  0x08000ad4   0x30  copy_init3.o [4]
  .text              ro code  0x08000b04   0x28  data_init.o [4]
  .iar.init_table    const    0x08000b2c   0x14  - Linker created -
  .text              ro code  0x08000b40   0x1a  cmain.o [4]
  .text              ro code  0x08000b5a    0x4  low_level_init.o [3]
  .text              ro code  0x08000b5e    0x8  exit.o [3]
  .text              ro code  0x08000b66    0x2  startup_stm32f030x6.o [1]
  .text              ro code  0x08000b68    0xa  cexit.o [4]
  .text              ro code  0x08000b72    0x2  startup_stm32f030x6.o [1]
  .text              ro code  0x08000b74   0x14  exit.o [5]
  .text              ro code  0x08000b88   0x14  stm32f0xx_it.o [1]
  .text              ro code  0x08000b9c   0x10  stm32f0xx_hal.o [1]
  .text              ro code  0x08000bac   0x10  startup_stm32f030x6.o [1]
  .text              ro code  0x08000bbc    0xc  cstartup_M.o [4]
  Initializer bytes  const    0x08000bc8    0x8  <for P2-1>
  .text              ro code  0x08000bd0    0x2  startup_stm32f030x6.o [1]
  .text              ro code  0x08000bd2    0x2  startup_stm32f030x6.o [1]
  .text              ro code  0x08000bd4    0x2  startup_stm32f030x6.o [1]
  .text              ro code  0x08000bd6    0x2  startup_stm32f030x6.o [1]
  .text              ro code  0x08000bd8    0x2  startup_stm32f030x6.o [1]
  .text              ro code  0x08000bda    0x2  startup_stm32f030x6.o [1]
  .text              ro code  0x08000bdc    0x2  startup_stm32f030x6.o [1]
  .text              ro code  0x08000bde    0x2  startup_stm32f030x6.o [1]
  .text              ro code  0x08000be0    0x2  startup_stm32f030x6.o [1]
  .text              ro code  0x08000be2    0x2  startup_stm32f030x6.o [1]
  .text              ro code  0x08000be4    0x2  startup_stm32f030x6.o [1]
  .text              ro code  0x08000be6    0x2  startup_stm32f030x6.o [1]
  .text              ro code  0x08000be8    0x2  startup_stm32f030x6.o [1]
  .text              ro code  0x08000bea    0x2  startup_stm32f030x6.o [1]
  .rodata            const    0x08000bec    0x0  copy_init3.o [4]
                            - 0x08000bec  0xb3c

"P2", part 1 of 2:                          0x8
  P2-1                        0x20000000    0x8  <Init block>
    .data            inited   0x20000000    0x4  system_stm32f0xx.o [1]
    .bss             inited   0x20000004    0x4  stm32f0xx_hal.o [1]
                            - 0x20000008    0x8

"P2", part 2 of 2:                        0x400
  CSTACK                      0x20000008  0x400  <Block>
    CSTACK           uninit   0x20000008  0x400  <Block tail>
                            - 0x20000408  0x400


*******************************************************************************
*** INIT TABLE
***

          Address     Size
          -------     ----
Copy (__iar_copy_init3)
    1 source range, total size 0x8:
          0x08000bc8   0x8
    1 destination range, total size 0x8:
          0x20000000   0x8



*******************************************************************************
*** MODULE SUMMARY
***

    Module                  ro code  ro data  rw data
    ------                  -------  -------  -------
C:\Users\therese\Documents\GitHub\PicoNodes\pcb\test_led_light\EWARM\test_led_light\Obj: [1]
    gpio.o                       68
    main.o                      122
    startup_stm32f030x6.o       232
    stm32f0xx_hal.o              96        4        4
    stm32f0xx_hal_cortex.o      150
    stm32f0xx_hal_gpio.o        436
    stm32f0xx_hal_msp.o          64
    stm32f0xx_hal_rcc.o       1 328
    stm32f0xx_it.o               20
    system_stm32f0xx.o          112        4        4
    -------------------------------------------------
    Total:                    2 628        8        8

command line: [2]
    -------------------------------------------------
    Total:

dl6M_tlf.a: [3]
    exit.o                        8
    low_level_init.o              4
    -------------------------------------------------
    Total:                       12

rt6M_tl.a: [4]
    ABImemcpy.o                  52
    I32DivModFast.o             174
    IntDivZer.o                   2
    cexit.o                      10
    cmain.o                      26
    copy_init3.o                 48
    cstartup_M.o                 12
    data_init.o                  40
    -------------------------------------------------
    Total:                      364

shb_l.a: [5]
    exit.o                       20
    -------------------------------------------------
    Total:                       20

    Linker created                        20    1 024
-----------------------------------------------------
    Grand Total:              3 024       28    1 032


*******************************************************************************
*** ENTRY LIST
***

Entry                      Address   Size  Type      Object
-----                      -------   ----  ----      ------
.iar.init_table$$Base   0x08000b2c          --   Gb  - Linker created -
.iar.init_table$$Limit  0x08000b40          --   Gb  - Linker created -
?main                   0x08000b41         Code  Gb  cmain.o [4]
AHBPrescTable           0x08000ac4   0x10  Data  Gb  system_stm32f0xx.o [1]
CSTACK$$Base            0x20000008          --   Gb  - Linker created -
CSTACK$$Limit           0x20000408          --   Gb  - Linker created -
HAL_GPIO_Init           0x08000791  0x18e  Code  Gb  stm32f0xx_hal_gpio.o [1]
HAL_GPIO_WritePin       0x0800091f    0xc  Code  Gb  stm32f0xx_hal_gpio.o [1]
HAL_GetTick             0x080005e1    0xc  Code  Wk  stm32f0xx_hal.o [1]
HAL_IncTick             0x08000b9d   0x10  Code  Wk  stm32f0xx_hal.o [1]
HAL_Init                0x080009c1   0x1a  Code  Gb  stm32f0xx_hal.o [1]
HAL_InitTick            0x080005ed   0x24  Code  Wk  stm32f0xx_hal.o [1]
HAL_MspInit             0x08000a25   0x40  Code  Gb  stm32f0xx_hal_msp.o [1]
HAL_NVIC_SetPriority    0x08000729    0x8  Code  Gb  stm32f0xx_hal_cortex.o [1]
HAL_RCC_ClockConfig     0x08000411  0x126  Code  Gb  stm32f0xx_hal_rcc.o [1]
HAL_RCC_GetHCLKFreq     0x08000593    0x6  Code  Gb  stm32f0xx_hal_rcc.o [1]
HAL_RCC_GetSysClockFreq
                        0x08000541   0x52  Code  Gb  stm32f0xx_hal_rcc.o [1]
HAL_RCC_OscConfig       0x080000b1  0x35a  Code  Gb  stm32f0xx_hal_rcc.o [1]
HAL_SYSTICK_CLKSourceConfig
                        0x08000759   0x18  Code  Gb  stm32f0xx_hal_cortex.o [1]
HAL_SYSTICK_Callback    0x08000789    0x2  Code  Wk  stm32f0xx_hal_cortex.o [1]
HAL_SYSTICK_Config      0x08000731   0x28  Code  Gb  stm32f0xx_hal_cortex.o [1]
HAL_SYSTICK_IRQHandler  0x08000781    0x8  Code  Gb  stm32f0xx_hal_cortex.o [1]
HardFault_Handler       0x08000b8b    0x2  Code  Gb  stm32f0xx_it.o [1]
MX_GPIO_Init            0x080009e1   0x44  Code  Gb  gpio.o [1]
NMI_Handler             0x08000b89    0x2  Code  Gb  stm32f0xx_it.o [1]
NVIC_SetPriority        0x080006f5   0x34  Code  Lc  stm32f0xx_hal_cortex.o [1]
PendSV_Handler          0x08000b8f    0x2  Code  Gb  stm32f0xx_it.o [1]
Region$$Table$$Base     0x08000b2c          --   Gb  - Linker created -
Region$$Table$$Limit    0x08000b40          --   Gb  - Linker created -
SVC_Handler             0x08000b8d    0x2  Code  Gb  stm32f0xx_it.o [1]
SysTick_Handler         0x08000b91    0xc  Code  Gb  stm32f0xx_it.o [1]
SystemClock_Config      0x08000961   0x5e  Code  Gb  main.o [1]
SystemCoreClock         0x20000000    0x4  Data  Gb  system_stm32f0xx.o [1]
SystemInit              0x08000a65   0x48  Code  Gb  system_stm32f0xx.o [1]
__ICFEDIT_region_RAM_end__ {Abs}
                        0x20000fff         Data  Gb  command line/config [2]
__ICFEDIT_region_RAM_start__ {Abs}
                        0x20000000         Data  Gb  command line/config [2]
__aeabi_idiv0           0x0800078d         Code  Gb  IntDivZer.o [4]
__aeabi_memcpy4         0x08000611         Code  Wk  ABImemcpy.o [4]
__aeabi_uidiv           0x08000645         Code  Gb  I32DivModFast.o [4]
__aeabi_uidivmod        0x08000645         Code  Gb  I32DivModFast.o [4]
__cmain                 0x08000b41         Code  Gb  cmain.o [4]
__exit                  0x08000b75   0x14  Code  Gb  exit.o [5]
__iar_copy_init3        0x08000ad5   0x30  Code  Gb  copy_init3.o [4]
__iar_data_init3        0x08000b05   0x28  Code  Gb  data_init.o [4]
__iar_program_start     0x08000bbd         Code  Gb  cstartup_M.o [4]
__low_level_init        0x08000b5b    0x4  Code  Gb  low_level_init.o [3]
__vector_table          0x08000000         Data  Gb  startup_stm32f030x6.o [1]
_call_main              0x08000b4d         Code  Gb  cmain.o [4]
_exit                   0x08000b69         Code  Gb  cexit.o [4]
_main                   0x08000b57         Code  Gb  cmain.o [4]
exit                    0x08000b5f    0x8  Code  Gb  exit.o [3]
main                    0x08000945   0x1c  Code  Gb  main.o [1]
uwTick                  0x20000004    0x4  Data  Gb  stm32f0xx_hal.o [1]


[1] = C:\Users\therese\Documents\GitHub\PicoNodes\pcb\test_led_light\EWARM\test_led_light\Obj
[2] = command line
[3] = dl6M_tlf.a
[4] = rt6M_tl.a
[5] = shb_l.a

  3 024 bytes of readonly  code memory
     28 bytes of readonly  data memory
  1 032 bytes of readwrite data memory

Errors: none
Warnings: none
